https://frdaguidelines.org/3-1/
https://frdaguidelines.org/11-1/
https://frdaguidelines.org/11-2/
https://frdaguidelines.org/11-3/
https://frdaguidelines.org/11-4/
https://frdaguidelines.org/11-5/
https://frdaguidelines.org/11-6/
https://frdaguidelines.org/12-1/
https://frdaguidelines.org/12-2/
https://frdaguidelines.org/13-1/
https://frdaguidelines.org/13-2/
https://frdaguidelines.org/13-3/
https://frdaguidelines.org/13-4/
https://frdaguidelines.org/13-5/
https://frdaguidelines.org/14-1/
https://frdaguidelines.org/14-2/
https://frdaguidelines.org/14-4/
https://frdaguidelines.org/15-1/
https://frdaguidelines.org/15-2/
https://frdaguidelines.org/16-1/
https://frdaguidelines.org/17-1/
https://frdaguidelines.org/17-3/